read-message
2026 7 15 22 6 27 570932469
{"jsonrpc":"2.0","id":1,"params":{"workspaceFolders":[{"uri":"file:///home/alto64/workspace/github.com/MateuszSzczukiewicz/exercism","name":"/home/alto64/workspace/github.com/MateuszSzczukiewicz/exercism"}],"processId":20079,"clientInfo":{"name":"Neovim","version":"0.12.4"},"rootPath":"/home/alto64/workspace/github.com/MateuszSzczukiewicz/exercism","rootUri":"file:///home/alto64/workspace/github.com/MateuszSzczukiewicz/exercism","trace":"off","capabilities":{"workspace":{"diagnostics":{"refreshSupport":true},"didChangeConfiguration":{"dynamicRegistration":false},"workspaceFolders":true,"applyEdit":true,"symbol":{"symbolKind":{"valueSet":[1,2,3,4,5,6,7,8,9,10,11,12,13,14,15,16,17,18,19,20,21,22,23,24,25,26]},"dynamicRegistration":false},"codeLens":{"refreshSupport":true},"didChangeWatchedFiles":{"relativePatternSupport":true,"dynamicRegistration":false},"fileOperations":{"willCreate":false,"dynamicRegistration":false,"willRename":false,"didDelete":false,"willDelete":false,"didRename":false,"didCreate":false},"configuration":true,"workspaceEdit":{"resourceOperations":["rename","create","delete"],"normalizesLineEndings":true,"changeAnnotationSupport":{"groupsOnLabel":true}},"inlayHint":{"refreshSupport":true},"semanticTokens":{"refreshSupport":true}},"general":{"positionEncodings":["utf-8","utf-16","utf-32"]},"window":{"showMessage":{"messageActionItem":{"additionalPropertiesSupport":true}},"showDocument":{"support":true},"workDoneProgress":true},"textDocument":{"rangeFormatting":{"rangesSupport":true,"dynamicRegistration":true},"rename":{"honorsChangeAnnotations":true,"dynamicRegistration":true,"prepareSupport":true},"onTypeFormatting":{"dynamicRegistration":false},"linkedEditingRange":{"dynamicRegistration":false},"implementation":{"linkSupport":true},"codeAction":{"honorsChangeAnnotations":true,"dynamicRegistration":true,"disabledSupport":true,"codeActionLiteralSupport":{"codeActionKind":{"valueSet":["","quickfix","refactor","refactor.extract","refactor.inline","refactor.rewrite","source","source.organizeImports"]}},"dataSupport":true,"isPreferredSupport":true,"resolveSupport":{"properties":["edit","command"]}},"definition":{"linkSupport":true,"dynamicRegistration":true},"documentLink":{"tooltipSupport":false,"dynamicRegistration":false},"inlayHint":{"resolveSupport":{"properties":["textEdits","tooltip","location","command"]},"dynamicRegistration":true},"inlineCompletion":{"dynamicRegistration":false},"typeDefinition":{"linkSupport":true},"synchronization":{"willSave":true,"dynamicRegistration":false,"didSave":true,"willSaveWaitUntil":true},"hover":{"contentFormat":["markdown","plaintext"],"dynamicRegistration":true},"diagnostic":{"dynamicRegistration":true,"tagSupport":{"valueSet":[1,2]},"dataSupport":true,"relatedDocumentSupport":true,"relatedInformation":true},"documentSymbol":{"symbolKind":{"valueSet":[1,2,3,4,5,6,7,8,9,10,11,12,13,14,15,16,17,18,19,20,21,22,23,24,25,26]},"dynamicRegistration":false,"tagSupport":{"valueSet":[1]},"hierarchicalDocumentSymbolSupport":true},"semanticTokens":{"requests":{"range":true,"full":{"delta":true}},"tokenTypes":["namespace","type","class","enum","interface","struct","typeParameter","parameter","variable","property","enumMember","event","function","method","macro","keyword","modifier","comment","string","number","regexp","operator","decorator"],"formats":["relative"],"dynamicRegistration":false,"overlappingTokenSupport":true,"multilineTokenSupport":true,"serverCancelSupport":false,"tokenModifiers":["declaration","definition","readonly","static","deprecated","abstract","async","modification","documentation","defaultLibrary"],"augmentsSyntaxTokens":true},"signatureHelp":{"signatureInformation":{"parameterInformation":{"labelOffsetSupport":true},"documentationFormat":["markdown","plaintext"],"activeParameterSupport":true,"noActiveParameterSupport":true},"dynamicRegistration":false},"references":{"dynamicRegistration":false},"documentHighlight":{"dynamicRegistration":false},"completion":{"dynamicRegistration":false,"completionItem":{"snippetSupport":true,"commitCharactersSupport":false,"preselectSupport":false,"deprecatedSupport":true,"documentationFormat":["markdown","plaintext"],"insertReplaceSupport":true,"tagSupport":{"valueSet":[1]},"labelDetailsSupport":true,"resolveSupport":{"properties":["additionalTextEdits","command","documentation"]}},"completionItemKind":{"valueSet":[1,2,3,4,5,6,7,8,9,10,11,12,13,14,15,16,17,18,19,20,21,22,23,24,25]},"completionList":{"itemDefaults":["editRange","insertTextFormat","insertTextMode","data"]},"contextSupport":true},"formatting":{"dynamicRegistration":true},"codeLens":{"resolveSupport":{"properties":["command"]},"dynamicRegistration":false},"foldingRange":{"foldingRangeKind":{"valueSet":["comment","imports","region"]},"dynamicRegistration":false,"foldingRange":{"collapsedText":true},"lineFoldingOnly":true},"publishDiagnostics":{"dataSupport":true,"tagSupport":{"valueSet":[1,2]},"relatedInformation":true},"callHierarchy":{"dynamicRegistration":false},"colorProvider":{"dynamicRegistration":true},"selectionRange":{"dynamicRegistration":false},"declaration":{"linkSupport":true}}},"workDoneToken":"1"},"method":"initialize"}
send-message
2026 7 15 22 6 28 34635954
{"jsonrpc":"2.0","id":1,"result":{"capabilities":{"textDocumentSync":{"openClose":true,"change":2},"hoverProvider":true,"definitionProvider":true,"referencesProvider":true,"completionProvider":{"triggerCharacters":[]},"documentSymbolProvider":true,"workspaceSymbolProvider":true,"documentFormattingProvider":false,"workspace":{"fileOperations":{"didCreate":{"filters":[{"scheme":"file","pattern":{"glob":"**\/*"}}]},"didRename":{"filters":[{"scheme":"file","pattern":{"glob":"**\/*"}}]},"didDelete":{"filters":[{"scheme":"file","pattern":{"glob":"**\/*"}}]}},"didChangeWatchedFiles":{"dynamicRegistration":false}}}}}
read-message
2026 7 15 22 6 28 34957353
{"jsonrpc":"2.0","params":{},"method":"initialized"}
read-message
2026 7 15 22 6 28 35089141
{"jsonrpc":"2.0","params":{"textDocument":{"text":"(import (rnrs))\n\n(define (armstrong-number? n)\n    (define (loop s)\n        (null? s)\n            0\n            (sum (expt (string->number(cdr s) (length (string-length s)))\n    )\n    (if (equal? n (loop number->string n))))))\n","languageId":"scheme","uri":"file:///home/alto64/workspace/github.com/MateuszSzczukiewicz/exercism/scheme/armstrong-numbers/armstrong-numbers.scm","version":0}},"method":"textDocument/didOpen"}
2026 7 15 22 6 28 571686597
{"method":"textDocument\/publishDiagnostics","params":{"uri":"file:\/\/\/home\/alto64\/workspace\/github.com\/MateuszSzczukiewicz\/exercism\/scheme\/accumulate\/test-util.ss","diagnostics":[{"range":{"start":{"line":0,"character":23},"end":{"line":0,"character":42}},"severity":2,"message":"Unused import: current-output-port","source":"import","code":"unused-import","tags":[1]},{"range":{"start":{"line":58,"character":25},"end":{"line":58,"character":26}},"severity":2,"message":"Unused local variable: e","source":"identifier","code":"unused-local-variable","tags":[1]}]}}
2026 7 15 22 6 28 571969744
{"method":"textDocument\/publishDiagnostics","params":{"uri":"file:\/\/\/home\/alto64\/workspace\/github.com\/MateuszSzczukiewicz\/exercism\/scheme\/accumulate\/accumulate.scm","diagnostics":[]}}
2026 7 15 22 6 28 572056880
{"method":"textDocument\/publishDiagnostics","params":{"uri":"file:\/\/\/home\/alto64\/workspace\/github.com\/MateuszSzczukiewicz\/exercism\/scheme\/armstrong-numbers\/test-util.ss","diagnostics":[{"range":{"start":{"line":0,"character":23},"end":{"line":0,"character":42}},"severity":2,"message":"Unused import: current-output-port","source":"import","code":"unused-import","tags":[1]},{"range":{"start":{"line":58,"character":25},"end":{"line":58,"character":26}},"severity":2,"message":"Unused local variable: e","source":"identifier","code":"unused-local-variable","tags":[1]}]}}
2026 7 15 22 6 28 572202019
{"method":"textDocument\/publishDiagnostics","params":{"uri":"file:\/\/\/home\/alto64\/workspace\/github.com\/MateuszSzczukiewicz\/exercism\/scheme\/armstrong-numbers\/armstrong-numbers.scm","diagnostics":[]}}
2026 7 15 22 6 28 572286083
{"method":"textDocument\/publishDiagnostics","params":{"uri":"file:\/\/\/home\/alto64\/workspace\/github.com\/MateuszSzczukiewicz\/exercism\/scheme\/hello-world\/test-util.ss","diagnostics":[{"range":{"start":{"line":0,"character":23},"end":{"line":0,"character":42}},"severity":2,"message":"Unused import: current-output-port","source":"import","code":"unused-import","tags":[1]},{"range":{"start":{"line":58,"character":25},"end":{"line":58,"character":26}},"severity":2,"message":"Unused local variable: e","source":"identifier","code":"unused-local-variable","tags":[1]}]}}
2026 7 15 22 6 28 572494510
{"method":"textDocument\/publishDiagnostics","params":{"uri":"file:\/\/\/home\/alto64\/workspace\/github.com\/MateuszSzczukiewicz\/exercism\/scheme\/hello-world\/hello-world.scm","diagnostics":[]}}
2026 7 15 22 6 28 572573898
{"method":"textDocument\/publishDiagnostics","params":{"uri":"file:\/\/\/home\/alto64\/workspace\/github.com\/MateuszSzczukiewicz\/exercism\/scheme\/leap\/test-util.ss","diagnostics":[{"range":{"start":{"line":0,"character":23},"end":{"line":0,"character":42}},"severity":2,"message":"Unused import: current-output-port","source":"import","code":"unused-import","tags":[1]},{"range":{"start":{"line":58,"character":25},"end":{"line":58,"character":26}},"severity":2,"message":"Unused local variable: e","source":"identifier","code":"unused-local-variable","tags":[1]}]}}
2026 7 15 22 6 28 572710867
{"method":"textDocument\/publishDiagnostics","params":{"uri":"file:\/\/\/home\/alto64\/workspace\/github.com\/MateuszSzczukiewicz\/exercism\/scheme\/leap\/leap.scm","diagnostics":[]}}
2026 7 15 22 6 28 572782974
{"method":"textDocument\/publishDiagnostics","params":{"uri":"file:\/\/\/home\/alto64\/workspace\/github.com\/MateuszSzczukiewicz\/exercism\/scheme\/leap\/test.scm","diagnostics":[]}}
2026 7 15 22 6 28 572853580
{"method":"textDocument\/publishDiagnostics","params":{"uri":"file:\/\/\/home\/alto64\/workspace\/github.com\/MateuszSzczukiewicz\/exercism\/scheme\/hello-world\/test.scm","diagnostics":[]}}
2026 7 15 22 6 28 572924881
{"method":"textDocument\/publishDiagnostics","params":{"uri":"file:\/\/\/home\/alto64\/workspace\/github.com\/MateuszSzczukiewicz\/exercism\/scheme\/armstrong-numbers\/test.scm","diagnostics":[]}}
2026 7 15 22 6 28 572994368
{"method":"textDocument\/publishDiagnostics","params":{"uri":"file:\/\/\/home\/alto64\/workspace\/github.com\/MateuszSzczukiewicz\/exercism\/scheme\/accumulate\/test.scm","diagnostics":[]}}
read-message
2026 7 15 22 6 29 481414285
{"jsonrpc":"2.0","params":{"contentChanges":[{"rangeLength":1,"range":{"start":{"character":3,"line":2},"end":{"character":4,"line":2}},"text":""}],"textDocument":{"uri":"file:///home/alto64/workspace/github.com/MateuszSzczukiewicz/exercism/scheme/armstrong-numbers/armstrong-numbers.scm","version":3}},"method":"textDocument/didChange"}
read-message
2026 7 15 22 6 29 892534741
{"jsonrpc":"2.0","params":{"contentChanges":[{"rangeLength":0,"range":{"start":{"character":3,"line":2},"end":{"character":3,"line":2}},"text":"f"}],"textDocument":{"uri":"file:///home/alto64/workspace/github.com/MateuszSzczukiewicz/exercism/scheme/armstrong-numbers/armstrong-numbers.scm","version":4}},"method":"textDocument/didChange"}
read-message
2026 7 15 22 7 30 363975792

